<?xml version="1.0" encoding="utf-8"?>
<Database xmlns:xsd="http://www.w3.org/2001/XMLSchema" xmlns:xsi="http://www.w3.org/2001/XMLSchema-instance" Name="brambora">
	<Skald>
		<Module Name="zibrid_expected">
			<Ports>
				<Port Name="isactive" Direction="In" Type="bool">
					<DesignName StringName="zibrid_ex_isactive_0qgR" Text="isActive" />
				</Port>
			</Ports>
			<Nodes>
				<areatrespassleveleffect Name="areatrespassleveleffect" PositionY="-420" PositionX="-80" Namespace="utils.crime.trespass">
					<Asset Name="area" Alias="sheepTrespass" />
					<Constant Name="trespasslevel" Value="public" />
					<Edge From="isactive" To="isactive" />
				</areatrespassleveleffect>
				<SetEntityContext Name="setentitycontext1" PositionY="-210" PositionX="-80">
					<Constant Name="Context" Value="crime_disabledDenialDialog" />
					<Asset Name="Souls" Alias="theCorrectShepherd" />
					<Edge From="isactive" To="IsActive" />
				</SetEntityContext>
				<SetEntityContext Name="setentitycontext1_1" PositionY="-30" PositionX="-80">
					<Constant Name="Context" Value="speech_wakeUpWithDialog" />
					<Asset Name="Souls" Alias="theCorrectShepherd" />
					<Edge From="isactive" To="IsActive" />
				</SetEntityContext>
				<SetEntityContext Name="setentitycontext1_2" PositionY="150" PositionX="-80">
					<Constant Name="Context" Value="crime_disableFrisk" />
					<Asset Name="Souls" Alias="theCorrectShepherd" />
					<Edge From="isactive" To="IsActive" />
				</SetEntityContext>
			</Nodes>
			<Assets>
				<SmartAreaAsset Name="sheepTrespass" />
			</Assets>
			<Text StringName="zibrid_expected_0GSP" Text="Žibřid expected" />
		</Module>
	</Skald>
</Database>