<?xml version="1.0" encoding="utf-8"?>
<Database xmlns:xsd="http://www.w3.org/2001/XMLSchema" xmlns:xsi="http://www.w3.org/2001/XMLSchema-instance" Name="brambora">
	<Skald>
		<Module Name="prolonged_expected">
			<Ports>
				<Port Name="activate" Direction="In" Type="trigger">
					<DesignName StringName="prolonged_activate_xY5h" Text="Activate" />
				</Port>
			</Ports>
			<Nodes>
				<DistanceTrigger Name="distancetrigger2" PositionY="370" PositionX="170">
					<Asset Name="Origin" Alias="player" />
					<Asset Name="Target" Alias="theCorrectShepherd" />
					<Constant Name="Operator" Value="GreaterEquals" />
					<Constant Name="Distance" Value="50" />
					<Edge From="state1.Active" To="IsActive" />
				</DistanceTrigger>
				<expectedeffect Name="expectedeffect" PositionY="50" PositionX="170" Namespace="utils.crime.trespass">
					<Asset Name="npcs" Alias="theCorrectShepherd" />
					<Constant Name="extenduntilplayerleavestrespass" Value="true" />
					<Edge From="state1.Active" To="isactive" />
				</expectedeffect>
				<State Name="state1" PositionY="73" PositionX="-161" TypeT="Progress">
					<Edge From="activate" To="SetActive" />
					<Edge From="distancetrigger2.OnMatch" To="SetDone">
						<Vertex>8ney7nFC</Vertex>
						<Vertex>87tPsSt8</Vertex>
					</Edge>
				</State>
			</Nodes>
			<EdgeVertices>
				<EdgeVertex Name="87tPsSt8" PositionY="660" PositionX="-160" />
				<EdgeVertex Name="8ney7nFC" PositionY="660" PositionX="460" />
			</EdgeVertices>
			<Text StringName="prolonged_expected_SyTS" Text="Prolonged expected" />
		</Module>
	</Skald>
</Database>