<?xml version="1.0" encoding="utf-8"?>
<Database xmlns:xsd="http://www.w3.org/2001/XMLSchema" xmlns:xsi="http://www.w3.org/2001/XMLSchema-instance" Name="brambora">
	<Skald>
		<Module Name="hibernated_dialogs_and_expected" HibernateMode="Script">
			<Ports>
				<Port Name="henry_se_dozvida_o_kocovnickem_tabore" Direction="Out" Type="trigger">
					<DesignName StringName="hibernate_henry_se_dozvid_bl52" Text="Henry se dozvídá o kočovníckém táboře" />
				</Port>
				<Port Name="henry_se_dozvida_koho_dalsiho_na_semine_se_zeptat" Direction="Out" Type="trigger">
					<DesignName StringName="hibernate_henry_se_dozvid_tx9R" Text="Henry se dozvídá, koho dalšího na Semíně se zeptat" />
				</Port>
				<Port Name="henry_se_zeptal" Direction="Out" Type="trigger">
					<DesignName StringName="hibernate_henry_se_zeptal_DEvY" Text="Henry se dozvídá o dalších krocích z inkluze" />
				</Port>
				<Port Name="kocovnicka_cest__stav_questu" Direction="In" Type="NomadsHonourQuestEnding">
					<DesignName StringName="hibernate_kocovnicka_cest_3FPu" Text="Kočovnická čest - stav questu" />
				</Port>
			</Ports>
			<Definitions>
				<Definition File="hibernated_dialogs_and_expected/hledan_kumanech__semin.xml" />
				<Definition File="hibernated_dialogs_and_expected/hledan_kumanech__semin_1.xml" />
				<Definition File="hibernated_dialogs_and_expected/stary_semin_o_kumanech.xml" />
				<Definition File="hibernated_dialogs_and_expected/hejtman_suk_o_kumanech.xml" />
				<Definition File="hibernated_dialogs_and_expected/mlady_semin_o_kumanech.xml" />
			</Definitions>
			<Nodes>
				<Function Name="badEnding" PositionY="-610" PositionX="-30" MethodName="math::boolean::Or" DeclaringType="math::boolean">
					<Edge From="nomadsHonorBadEnding1.bool" To="A" />
					<Edge From="nomadsHonorBadEnding2.bool" To="B" />
				</Function>
				<hejtman_suk_o_kumanech Name="hejtman_suk_o_kumanech" PositionY="40" PositionX="1210" />
				<hledan_kumanech__semin Name="hledan_kumanech__semin" PositionY="-690" PositionX="1200">
					<Edge From="not3.bool" To="kocovnicka_cest_neskoncila">
						<Vertex>vertex10</Vertex>
					</Edge>
					<Edge From="nomadsHonorGoodEnding.bool" To="kocovnicka_cest_mela_stastny_konec">
						<Vertex>vertex14</Vertex>
						<Vertex>vertex20</Vertex>
						<Vertex>vertex16</Vertex>
					</Edge>
					<Edge From="nomadsHonorNeutralEnding.bool" To="kocovnicka_cest_mela_neutralni_konec">
						<Vertex>vertex21</Vertex>
						<Vertex>vertex24</Vertex>
						<Vertex>vertex23</Vertex>
					</Edge>
					<Edge From="badEnding.bool" To="kocovnicka_cest_mela_spatny_konec">
						<Vertex>vertex29</Vertex>
						<Vertex>vertex30</Vertex>
						<Vertex>vertex31</Vertex>
					</Edge>
				</hledan_kumanech__semin>
				<hledan_kumanech__semin_1 Name="hledan_kumanech__semin_1" PositionY="-400" PositionX="1190">
					<Edge From="badEnding.bool" To="kocovnicka_cest_mela_spatny_konec">
						<Vertex>vertex29</Vertex>
						<Vertex>vertex30</Vertex>
						<Vertex>vertex31</Vertex>
					</Edge>
					<Edge From="nomadsHonorNeutralEnding.bool" To="kocovnicka_cest_mela_neutralni_konec">
						<Vertex>vertex21</Vertex>
						<Vertex>vertex24</Vertex>
						<Vertex>vertex23</Vertex>
					</Edge>
					<Edge From="nomadsHonorGoodEnding.bool" To="kocovnicka_cest_mela_stastny_konec">
						<Vertex>vertex14</Vertex>
						<Vertex>vertex20</Vertex>
						<Vertex>vertex16</Vertex>
					</Edge>
					<Edge From="not3.bool" To="kocovnicka_cest_neskoncila">
						<Vertex>vertex10</Vertex>
					</Edge>
				</hledan_kumanech__semin_1>
				<mlady_semin_o_kumanech Name="mlady_semin_o_kumanech" PositionY="-140" PositionX="1210" />
				<Function Name="nomadsHonorBadEnding1" PositionY="-610" PositionX="-460" TypeT="NomadsHonourQuestEnding" MethodName="Control::Compare" DeclaringType="Control">
					<Constant Name="Op" Value="Equals" />
					<Constant Name="ValueB" Value="BetLost_SafeConductHandedOver" />
					<Edge From="kocovnicka_cest__stav_questu" To="ValueA">
						<Vertex>vertex8</Vertex>
						<Vertex>vertex7</Vertex>
					</Edge>
				</Function>
				<Function Name="nomadsHonorBadEnding2" PositionY="-410" PositionX="-460" TypeT="NomadsHonourQuestEnding" MethodName="Control::Compare" DeclaringType="Control">
					<Constant Name="Op" Value="Equals" />
					<Constant Name="ValueB" Value="SafeConductGivenToVajda" />
					<Edge From="kocovnicka_cest__stav_questu" To="ValueA">
						<Vertex>vertex8</Vertex>
					</Edge>
				</Function>
				<Function Name="nomadsHonorGoodEnding" PositionY="-1010" PositionX="-460" TypeT="NomadsHonourQuestEnding" MethodName="Control::Compare" DeclaringType="Control">
					<Constant Name="Op" Value="Equals" />
					<Constant Name="ValueB" Value="BetWon_VajdaReconciledWithMarika" />
					<Edge From="kocovnicka_cest__stav_questu" To="ValueA">
						<Vertex>vertex8</Vertex>
						<Vertex>vertex7</Vertex>
						<Vertex>vertex6</Vertex>
					</Edge>
				</Function>
				<Function Name="nomadsHonorNeutralEnding" PositionY="-810" PositionX="-460" TypeT="NomadsHonourQuestEnding" MethodName="Control::Compare" DeclaringType="Control">
					<Constant Name="Op" Value="Equals" />
					<Constant Name="ValueB" Value="BetLost_ArankaHelpedMarika" />
					<Edge From="kocovnicka_cest__stav_questu" To="ValueA">
						<Vertex>vertex8</Vertex>
						<Vertex>vertex7</Vertex>
						<Vertex>vertex6</Vertex>
					</Edge>
				</Function>
				<Function Name="not3" PositionY="-1010" PositionX="560" MethodName="math::boolean::Not" DeclaringType="math::boolean">
					<Edge From="or2.bool" To="Value" />
				</Function>
				<Function Name="or2" PositionY="-1010" PositionX="300" MethodName="math::boolean::Or" DeclaringType="math::boolean">
					<Edge From="nomadsHonorGoodEnding.bool" To="A">
						<Vertex>vertex14</Vertex>
					</Edge>
					<Edge From="nomadsHonorNeutralEnding.bool" To="B">
						<Vertex>vertex21</Vertex>
					</Edge>
					<Edge From="badEnding.bool" To="C">
						<Vertex>vertex29</Vertex>
					</Edge>
				</Function>
				<Output Name="Output">
					<Edge From="mlady_semin_o_kumanech.henry_se_zeptal" To="henry_se_zeptal">
						<Vertex>vertex3</Vertex>
					</Edge>
					<Edge From="hejtman_suk_o_kumanech.henry_se_zeptal" To="henry_se_zeptal">
						<Vertex>vertex37</Vertex>
						<Vertex>vertex3</Vertex>
					</Edge>
					<Edge From="stary_semin_o_kumanech.henry_se_zeptal" To="henry_se_zeptal">
						<Vertex>vertex37</Vertex>
						<Vertex>vertex3</Vertex>
					</Edge>
					<Edge From="hledan_kumanech__semin_1.henry_vi_koho_se_zeptat_na_semine" To="henry_se_dozvida_koho_dalsiho_na_semine_se_zeptat">
						<Vertex>vertex38</Vertex>
					</Edge>
					<Edge From="hledan_kumanech__semin.henry_vi_koho_se_zeptat_na_semine" To="henry_se_dozvida_koho_dalsiho_na_semine_se_zeptat">
						<Vertex>vertex38</Vertex>
					</Edge>
				</Output>
				<stary_semin_o_kumanech Name="stary_semin_o_kumanech" PositionY="200" PositionX="1210" />
			</Nodes>
			<EdgeVertices>
				<EdgeVertex Name="vertex10" PositionY="-650" PositionX="850" />
				<EdgeVertex Name="vertex14" PositionY="-920" PositionX="105" />
				<EdgeVertex Name="vertex16" PositionY="-630" PositionX="790" />
				<EdgeVertex Name="vertex20" PositionY="-630" PositionX="370" />
				<EdgeVertex Name="vertex21" PositionY="-720" PositionX="100" />
				<EdgeVertex Name="vertex23" PositionY="-610" PositionX="730" />
				<EdgeVertex Name="vertex24" PositionY="-610" PositionX="370" />
				<EdgeVertex Name="vertex29" PositionY="-590" PositionX="240" />
				<EdgeVertex Name="vertex3" PositionY="0" PositionX="1690" />
				<EdgeVertex Name="vertex30" PositionY="-590" PositionX="370" />
				<EdgeVertex Name="vertex31" PositionY="-590" PositionX="730" />
				<EdgeVertex Name="vertex37" PositionY="170" PositionX="1590" />
				<EdgeVertex Name="vertex38" PositionY="-170" PositionX="1610" />
				<EdgeVertex Name="vertex6" PositionY="-720" PositionX="-560" />
				<EdgeVertex Name="vertex7" PositionY="-520" PositionX="-640" />
				<EdgeVertex Name="vertex8" PositionY="-320" PositionX="-710" />
			</EdgeVertices>
			<Notes>
				<Note Name="note4" PositionY="-90" PositionX="-490">
					<Text StringName="hibernate_note4_NPae" Text="NOTE(Andy): Expected nám kazilo KCD2-345102. RIP" />
				</Note>
			</Notes>
			<Text StringName="hibernated_dialogs_and_ex_pnfy" Text="Hibernated dialogs and expected" />
		</Module>
	</Skald>
</Database>